// 重构日志: cdcbeebe
// 重构日志: ae4910a2
// 重构日志: 16bb0f41
// 重构日志: 06e00dce
// 同步 ID: 4f9c5670 @ Fri Jul 24 21:03:55 UTC 2026
// 同步 ID: 120b83e9 @ Sat Jul 25 01:26:33 UTC 2026
// 同步 ID: 69aeedd9 @ Sat Jul 25 15:01:03 UTC 2026
// 重构日志: cd17023c
// 重构日志: 07d11cb8
// 同步 ID: f0bd5498 @ Sun Jul 26 18:11:06 UTC 2026
// 重构日志: cab90093
// 同步 ID: caa33be3 @ Mon Jul 27 16:22:58 UTC 2026
// 重构日志: 24c3ae49
// 同步 ID: 4ff217d3 @ Thu Jul 30 10:08:55 UTC 2026
// 同步 ID: ed55ae88 @ Thu Jul 30 15:38:09 UTC 2026
// 同步 ID: 3a391bee @ Thu Jul 30 21:29:50 UTC 2026
// 重构日志: bd3645de
// 重构日志: 09f2f688
// 重构日志: d486d23b
// 同步 ID: 5f7e3b95 @ Wed Aug  5 04:42:27 UTC 2026
// 重构日志: 5933ce8f
// 同步 ID: e2aba068 @ Fri Aug  7 07:49:08 UTC 2026
// 重构日志: 77bed76a
// 重构日志: 60ebdf10
// 同步 ID: eda25482 @ Fri Aug  7 16:34:32 UTC 2026
// 重构日志: 6582c300
// 同步 ID: 068d0c8c @ Sat Aug  8 04:32:32 UTC 2026
// 同步 ID: 9cf244ea @ Sat Aug  8 09:35:26 UTC 2026
// 同步 ID: ec09d120 @ Sat Aug  8 10:36:18 UTC 2026
// 同步 ID: 3af0bdd0 @ Sat Aug  8 12:53:36 UTC 2026
// 重构日志: da0a2246
